
Running 324 tests using 1 worker

(node:21056) Warning: The 'NO_COLOR' env is ignored due to the 'FORCE_COLOR' env being set.
(Use `node --trace-warnings ...` to show where the warning was created)

=== Medición en 1920px ===
Topbar: { x: 0, y: 0, width: 1920, height: 44 }
Topbar Main: { x: 12, y: 0, width: 1896, height: 43 }
Brand: { x: 12, y: 3.5, width: 195.53125, height: 36 }
Brand Mark: { x: 12, y: 3.5, width: 34, height: 36 }
Center Controls: { x: 223.53125, y: 3.5, width: 1593.828125, height: 36 }
Right Group: { x: 1833.359375, y: 3.5, width: 74.640625, height: 36 }
  ok   1 [desktop] › tests\fase10-e1.spec.js:14:5 › Fase 10 - E1: Estructura de Barra Superior › E1 medicion y comportamiento en 1920px (4.1s)

=== Medición en 1440px ===
Topbar: { x: 0, y: 0, width: 1440, height: 44 }
Topbar Main: { x: 12, y: 0, width: 1416, height: 43 }
Brand: { x: 12, y: 3.5, width: 195.53125, height: 36 }
Brand Mark: { x: 12, y: 3.5, width: 34, height: 36 }
Center Controls: { x: 223.53125, y: 3.5, width: 1113.828125, height: 36 }
Right Group: { x: 1353.359375, y: 3.5, width: 74.640625, height: 36 }
  ok   2 [desktop] › tests\fase10-e1.spec.js:14:5 › Fase 10 - E1: Estructura de Barra Superior › E1 medicion y comportamiento en 1440px (4.0s)

=== Medición en 1180px ===
Topbar: { x: 0, y: 0, width: 1180, height: 44 }
Topbar Main: { x: 12, y: 0, width: 1156, height: 43 }
Brand: { x: 12, y: 3.5, width: 195.53125, height: 36 }
Brand Mark: { x: 12, y: 3.5, width: 34, height: 36 }
Center Controls: { x: 223.53125, y: 3.5, width: 853.828125, height: 36 }
Right Group: { x: 1093.359375, y: 3.5, width: 74.640625, height: 36 }
  ok   3 [desktop] › tests\fase10-e1.spec.js:14:5 › Fase 10 - E1: Estructura de Barra Superior › E1 medicion y comportamiento en 1180px (3.3s)

=== Medición en 390px ===
Topbar: { x: 0, y: 0, width: 390, height: 48 }
Topbar Main: { x: 12, y: 0, width: 366, height: 47 }
Brand: { x: 12, y: 7.5, width: 144.0625, height: 32 }
Brand Mark: { x: 12, y: 7.5, width: 30, height: 32 }
  ok   4 [desktop] › tests\fase10-e1.spec.js:14:5 › Fase 10 - E1: Estructura de Barra Superior › E1 medicion y comportamiento en 390px (4.3s)
  ok   5 [desktop] › tests\fase10-e4.spec.js:51:1 › E4 limita los paneles y mantiene el scroll en su contenido (2.6s)
  ok   6 [desktop] › tests\fase10-e4.spec.js:123:1 › E4 aumenta el área útil con el mismo cálculo territorial (2.3s)
  ok   7 [desktop] › tests\geoportal-ant-layer.spec.js:32:1 › no descarga puntos ANT antes de activar la capa (2.3s)
  ok   8 [desktop] › tests\geoportal-ant-layer.spec.js:44:1 › el perfil focused conserva la vista macro y afina ciudad y calle (5.7s)
  ok   9 [desktop] › tests\geoportal-ant-layer.spec.js:70:1 › aviso accesible explica el ajuste al último año disponible (2.6s)
  ok  10 [desktop] › tests\geoportal-ant-layer.spec.js:81:1 › Calor carga el compacto y los tres modos reutilizan datos sin descargas duplicadas (5.7s)
  ok  11 [desktop] › tests\geoportal-ant-layer.spec.js:184:1 › Casos se dibuja con el compacto antes de completar sus atributos (4.5s)
  ok  12 [desktop] › tests\geoportal-ant-layer.spec.js:219:1 › la capa sigue el año global, cancela cargas obsoletas y conserva un solo año en caché (3.2s)
  ok  13 [desktop] › tests\geoportal-ant-layer.spec.js:257:1 › modo histórico desactiva Siniestros ANT sin dejar un año individual visible (3.0s)
  ok  14 [desktop] › tests\geoportal-ant-layer.spec.js:307:1 › el análisis territorial ANT usa el punto seleccionado y lenguaje metodológico (3.7s)
  ok  15 [desktop] › tests\geoportal-ant-layer.spec.js:325:1 › la leyenda usa cero explícito y nunca muestra el rango confuso menor o igual a cero (2.8s)
  -   16 [desktop] › tests\geoportal-ant-layer.spec.js:338:1 › controles ANT caben en el drawer móvil y tienen objetivos táctiles
  ok  17 [desktop] › tests\geoportal-citizen-analysis.spec.js:32:1 › buscador y leyenda comparten la paleta oscura y conservan el tema claro (2.7s)
  ok  18 [desktop] › tests\geoportal-citizen-analysis.spec.js:93:1 › Ranking y Catálogo comparten el tema oscuro y restauran su apariencia clara (4.0s)
  ok  19 [desktop] › tests\geoportal-citizen-analysis.spec.js:147:1 › la identidad, introducción y resumen territorial permanecen accesibles sin duplicarse (3.8s)
  ok  20 [desktop] › tests\geoportal-citizen-analysis.spec.js:163:1 › análisis tiene volver independiente, tema completo y scroll hasta el final (5.3s)
  ok  21 [desktop] › tests\geoportal-citizen-analysis.spec.js:227:1 › Datos y capas no conserva el contenedor Leaflet vacío que parecía un buscador (2.8s)
  ok  22 [desktop] › tests\geoportal-citizen-analysis.spec.js:237:1 › fase 4 usa la marca real y presenta análisis, callouts y serie por tipo (4.8s)
  ok  23 [desktop] › tests\geoportal-citizen-analysis.spec.js:317:1 › breadcrumb usa exactamente provincia, cantón y parroquia seleccionados (4.6s)
BROWSER CONSOLE: [GA4] Entorno local/pruebas detectado (127.0.0.1). No se envía telemetría a Google Analytics.
BROWSER CONSOLE: [GA4] Entorno local/pruebas detectado (127.0.0.1). No se envía telemetría a Google Analytics.
BROWSER CONSOLE: [GA4] Entorno local/pruebas detectado (127.0.0.1). No se envía telemetría a Google Analytics.
  ok  24 [desktop] › tests\geoportal-improvements.spec.js:48:9 › Observatory Improvements (Blocks B, C, D, E) › Block B: Guided Tour › tour appears on first visit, can be closed and reopened (10.2s)
BROWSER CONSOLE: [GA4] Entorno local/pruebas detectado (127.0.0.1). No se envía telemetría a Google Analytics.
  -   25 [desktop] › tests\geoportal-improvements.spec.js:120:9 › Observatory Improvements (Blocks B, C, D, E) › Block B: Guided Tour › mobile tour highlights every visible target inside the viewport
BROWSER CONSOLE: [GA4] Entorno local/pruebas detectado (127.0.0.1). No se envía telemetría a Google Analytics.
  ok  26 [desktop] › tests\geoportal-improvements.spec.js:191:9 › Observatory Improvements (Blocks B, C, D, E) › Block C: Data Catalog › catalog modal opens and displays variables (5.8s)
BROWSER CONSOLE: [GA4] Entorno local/pruebas detectado (127.0.0.1). No se envía telemetría a Google Analytics.
  ok  27 [desktop] › tests\geoportal-improvements.spec.js:306:9 › Observatory Improvements (Blocks B, C, D, E) › Block C: Data Catalog › methodology links use the professional interface and drawer has no direct download (3.0s)
BROWSER CONSOLE: [GA4] Entorno local/pruebas detectado (127.0.0.1). No se envía telemetría a Google Analytics.
  ok  28 [desktop] › tests\geoportal-improvements.spec.js:323:9 › Observatory Improvements (Blocks B, C, D, E) › Block D: Basemap and Opacity › opacity slider changes territory opacity without fading infrastructure (2.9s)
BROWSER CONSOLE: [GA4] Entorno local/pruebas detectado (127.0.0.1). No se envía telemetría a Google Analytics.
  ok  29 [desktop] › tests\geoportal-improvements.spec.js:374:9 › Observatory Improvements (Blocks B, C, D, E) › Block E: UI Theme & Coordinates › theme toggle changes body class and localstorage (4.0s)
BROWSER CONSOLE: [GA4] Entorno local/pruebas detectado (127.0.0.1). No se envía telemetría a Google Analytics.
  ok  30 [desktop] › tests\geoportal-improvements.spec.js:447:9 › Observatory Improvements (Blocks B, C, D, E) › Block E: UI Theme & Coordinates › cursor coordinates display on mousemove (5.9s)
BROWSER CONSOLE: [GA4] Entorno local/pruebas detectado (127.0.0.1). No se envía telemetría a Google Analytics.
  ok  31 [desktop] › tests\geoportal-improvements.spec.js:470:9 › Observatory Improvements (Blocks B, C, D, E) › Block F: Google Analytics 4 (GA4) › GA_MEASUREMENT_ID constant is defined and correctly configured (2.4s)
BROWSER CONSOLE: [GA4] Entorno local/pruebas detectado (127.0.0.1). No se envía telemetría a Google Analytics.
  ok  32 [desktop] › tests\geoportal-improvements.spec.js:475:9 › Observatory Improvements (Blocks B, C, D, E) › Block F: Google Analytics 4 (GA4) › GA4 script is NOT loaded in localhost / 127.0.0.1 development environment (3.0s)
BROWSER CONSOLE: [GA4] Entorno local/pruebas detectado (127.0.0.1). No se envía telemetría a Google Analytics.
  ok  33 [desktop] › tests\geoportal-improvements.spec.js:480:9 › Observatory Improvements (Blocks B, C, D, E) › Block F: Google Analytics 4 (GA4) › GA4 privacy notice is visible in "¿Por qué confiar?" section (3.3s)
BROWSER CONSOLE: [GA4] Entorno local/pruebas detectado (127.0.0.1). No se envía telemetría a Google Analytics.
  ok  34 [desktop] › tests\geoportal-improvements.spec.js:496:9 › Observatory Improvements (Blocks B, C, D, E) › Block G: Timeline Playback & Color Transition › timeline play button advances year, pauses on click and auto-stops on last year (18.8s)
BROWSER CONSOLE: [GA4] Entorno local/pruebas detectado (127.0.0.1). No se envía telemetría a Google Analytics.
  ok  35 [desktop] › tests\geoportal-improvements.spec.js:531:9 › Observatory Improvements (Blocks B, C, D, E) › Block G: Timeline Playback & Color Transition › timeline play button is disabled with tooltip for foto_unica variables (3.1s)
  ok  36 [desktop] › tests\geoportal-lazy-load.spec.js:3:1 › la carga inicial usa provincias e índice y difiere cantones (2.0s)
  ok  37 [desktop] › tests\geoportal-lazy-load.spec.js:21:1 › búsqueda, ranking y ficha activan datos cantonales bajo demanda (2.7s)
  -   38 [desktop] › tests\geoportal-mobile-ux.spec.js:26:5 › Geoportal Mobile UX Improvements › mobile drawer mutual exclusivity (sidebar, layers, settings)
  ok  39 [desktop] › tests\geoportal-mobile-ux.spec.js:58:5 › Geoportal Mobile UX Improvements › mobile-level-bar is positioned below top navigation without overlap (2.5s)
  -   40 [desktop] › tests\geoportal-mobile-ux.spec.js:90:5 › Geoportal Mobile UX Improvements › mobile year bar shows coverage and stays synchronized with the main timeline
  -   41 [desktop] › tests\geoportal-mobile-ux.spec.js:195:5 › Geoportal Mobile UX Improvements › mobile territorial shortcut has no horizontal scroll and exposes both actions
  -   42 [desktop] › tests\geoportal-mobile-ux.spec.js:221:5 › Geoportal Mobile UX Improvements › mobile panel topbars have sticky positioning for close button accessibility
  -   43 [desktop] › tests\geoportal-mobile-ux.spec.js:232:5 › Geoportal Mobile UX Improvements › search input has font-size 16px on mobile to prevent iOS auto-zoom
  ok  44 [desktop] › tests\geoportal-mobile-ux.spec.js:241:5 › Geoportal Mobile UX Improvements › desktop search and legend remain visible and mobile controls are hidden (2.5s)
  ok  45 [desktop] › tests\geoportal-national-search.spec.js:31:1 › el estado inicial muestra una referencia nacional que sigue variable, año y periodo (2.4s)
  ok  46 [desktop] › tests\geoportal-national-search.spec.js:68:1 › la búsqueda selecciona provincia, cantón y parroquia sin abrir el análisis (5.0s)
  ok  47 [desktop] › tests\geoportal-national-search.spec.js:87:1 › una búsqueda parroquial conserva la variable y muestra límites con aviso cuando no aplica (4.5s)
  ok  48 [desktop] › tests\geoportal-phase6-visual.spec.js:27:1 › captura la barra de controles y la leyenda única en claro y oscuro (4.1s)
  ok  49 [desktop] › tests\geoportal-phase7.spec.js:24:1 › Fase 9 conserva Nivel y Año visibles sin saturar el topbar (2.5s)
  ok  50 [desktop] › tests\geoportal-phase7.spec.js:41:1 › IA fija la leyenda a la izquierda sin intersecciones en todas las combinaciones (2.8s)
  ok  51 [desktop] › tests\geoportal-phase7.spec.js:61:1 › IB ofrece tres pestañas ARIA y análisis con ancho propio (2.2s)
  ok  52 [desktop] › tests\geoportal-phase7.spec.js:79:1 › IC mantiene Periodo e Intensidad en Ajustes y la visibilidad parroquial (3.7s)
  ok  53 [desktop] › tests\geoportal-responsive-panels.spec.js:42:1 › la barra derecha conserva solo Datos y capas y Mapas base (3.5s)
  ok  54 [desktop] › tests\geoportal-responsive-panels.spec.js:106:1 › la barra superior concentra accesos y el buscador refleja capas extra en vivo (4.1s)
  ok  55 [desktop] › tests\geoportal-responsive-panels.spec.js:141:1 › los cambios cartográficos conservan la pestaña elegida por la persona (3.3s)
  ok  56 [desktop] › tests\geoportal-responsive-panels.spec.js:177:1 › las tres capas del mapa comparten una sola tarjeta y conservan controles independientes (5.6s)
  ok  57 [desktop] › tests\geoportal-responsive-panels.spec.js:288:1 › panel ciudadano web conserva estado y separa selección de análisis (3.8s)
  ok  58 [desktop] › tests\geoportal-responsive-panels.spec.js:318:1 › ficha territorial vive dentro de la tarjeta única y desaparece al limpiar la selección (3.2s)
  ok  59 [desktop] › tests\geoportal-responsive-panels.spec.js:389:1 › la tarjeta informa y el topbar conserva todos los controles (2.7s)
  ok  60 [desktop] › tests\geoportal-responsive-panels.spec.js:447:1 › Leyenda distingue representaciones principales de controles secundarios (3.6s)
  ok  61 [desktop] › tests\geoportal-responsive-panels.spec.js:487:1 › panel ciudadano prioriza cifras y conserva la metodología en ayudas accesibles (2.3s)
  ok  62 [desktop] › tests\geoportal-responsive-panels.spec.js:508:1 › variable territorial y Siniestros ANT explican los periodos no disponibles (2.3s)
  ok  63 [desktop] › tests\geoportal-responsive-panels.spec.js:526:1 › infraestructura usa SVG compartido y conserva la interacción territorial (3.5s)
  ok  64 [desktop] › tests\geoportal-responsive-panels.spec.js:567:1 › pantalla grande mantiene el buscador y la leyenda compacta visible (2.2s)
  -   65 [desktop] › tests\geoportal-responsive-panels.spec.js:582:1 › mobile conserva sus paneles off-canvas y barra inferior
  ok  66 [desktop] › tests\geoportal-responsive-panels.spec.js:593:1 › mapas base ocupa el panel contextual sin superponerse (2.5s)
  ok  67 [desktop] › tests\geoportal-responsive-panels.spec.js:601:1 › mapas base no se superpone en una ventana web angosta (2.3s)
  ok  68 [desktop] › tests\geoportal-responsive-panels.spec.js:608:1 › zoom, ubicación y grupos de herramientas son operables en la barra (5.1s)
  ok  69 [desktop] › tests\geoportal-responsive-panels.spec.js:660:1 › ubicación informa cuando el permiso es denegado (2.2s)
  ok  70 [desktop] › tests\geoportal-responsive-panels.spec.js:678:1 › catálogo vive en la barra superior y la marca oficial se muestra legible (2.7s)
  ok  71 [desktop] › tests\geoportal-responsive-panels.spec.js:695:1 › Dark Matter activa realce cartográfico sin cambiar el tema de interfaz (3.0s)
  ok  72 [desktop] › tests\geoportal-responsive-panels.spec.js:720:1 › la superficie territorial se oculta solo en zoom profundo y restaura la opacidad (5.2s)
  ok  73 [desktop] › tests\geoportal.spec.js:27:1 › carga contratos territoriales y atribuciones (2.0s)
  ok  74 [desktop] › tests\geoportal.spec.js:39:1 › abre como observatorio nacional con siniestros y sin infraestructura (2.4s)
  ok  75 [desktop] › tests\geoportal.spec.js:76:1 › encuentra un canton y mantiene el resumen ciudadano breve (3.0s)
  -   76 [desktop] › tests\geoportal.spec.js:94:1 › busqueda cantonal encuadra el territorio entre los paneles en pantalla mediana
  ok  77 [desktop] › tests\geoportal.spec.js:144:1 › genera una ficha PDF territorial en memoria (3.8s)
  ok  78 [desktop] › tests\geoportal.spec.js:180:1 › la ficha PDF parroquial omite el contexto de población y tasas (4.0s)
  ok  79 [desktop] › tests\geoportal.spec.js:202:1 › modo tecnico conserva variables, capas, metodologia y estado todo apagado (5.0s)
  ok  80 [desktop] › tests\geoportal.spec.js:255:1 › selector de variables permite selección única y deselección accesible (3.2s)
  ok  81 [desktop] › tests\geoportal.spec.js:296:1 › carga vias OSM independientes y conserva la escala grafica (15.2s)
  ok  82 [desktop] › tests\geoportal.spec.js:346:1 › leyenda declara cuando la variable no existe en el nivel territorial (3.3s)
  ok  83 [desktop] › tests\geoportal.spec.js:362:1 › el encabezado del analisis permanece accesible y el contenido llega hasta el final (2.6s)
  ok  84 [desktop] › tests\geoportal.spec.js:391:1 › paneles alternan entre anio y acumulados con cobertura explicita (3.3s)
  ok  85 [desktop] › tests\geoportal.spec.js:414:1 › cambia una sola capa territorial por zoom (3.9s)
  ok  86 [desktop] › tests\geoportal.spec.js:435:1 › clic en canton fija la seleccion sin saltar a parroquias (3.5s)
  ok  87 [desktop] › tests\geoportal.spec.js:454:1 › hover no cambia panel y la seleccion persiste al hacer scroll (3.3s)
  ok  88 [desktop] › tests\geoportal.spec.js:489:1 › solo conserva resaltada la unidad territorial seleccionada (2.8s)
  ok  89 [desktop] › tests\geoportal.spec.js:511:1 › control territorial permite fijar nivel y volver a modo automatico (4.1s)
  ok  90 [desktop] › tests\geoportal.spec.js:533:1 › recalcula bins por nivel y cae a limites cuando no aplica (3.8s)
  ok  91 [desktop] › tests\geoportal.spec.js:553:1 › slider global cambia dos variables anuales sin consolidar (3.7s)
  ok  92 [desktop] › tests\geoportal.spec.js:577:1 › variables de foto unica deshabilitan slider y muestran badge (2.3s)
  ok  93 [desktop] › tests\geoportal.spec.js:593:1 › cambio de variable ajusta el año a su cobertura sin dejar el mapa vacío (2.6s)
  ok  94 [desktop] › tests\geoportal.spec.js:633:1 › cambio de nivel resuelve el año de la variable efectiva (3.4s)
  ok  95 [desktop] › tests\geoportal.spec.js:652:1 › explica variables y perfiles en lenguaje ciudadano (3.8s)
  ok  96 [desktop] › tests\geoportal.spec.js:691:1 › perfil distingue ausencia de desglose de un conteo de cero fallecidos (2.9s)
  ok  97 [desktop] › tests\geoportal.spec.js:707:1 › ranking nacional ordena, excluye sin dato y busca la posicion cantonal (3.6s)
  -   98 [desktop] › tests\geoportal.spec.js:755:1 › modal institucional es usable en movil y publica confianza y cita dinamica
  ok  99 [desktop] › tests\geoportal.spec.js:788:1 › ficha territorial permanece visible dentro de la tarjeta de leyenda (3.5s)
  ok 100 [desktop] › tests\geoportal.spec.js:819:1 › ficha territorial comparte la tarjeta única y no crea otra región (3.3s)
  ok 101 [desktop] › tests\geoportal.spec.js:848:1 › capa OSM nacional carga bajo demanda y explicita cantones sin mapeo (2.7s)
  -  102 [desktop] › tests\geoportal.spec.js:865:1 › mobile conserva una superficie de mapa util en telefono y tablet
  -  103 [desktop] › tests\geoportal.spec.js:898:1 › mobile completa el flujo tactil sin paneles fuera del viewport
  ok 104 [desktop] › tests\geoportal.spec.js:1020:1 › Legend classification tooltips and adaptive color palettes verify correctly (3.2s)
  ok 105 [desktop] › tests\geoportal.spec.js:1054:1 › EDG parish-derived fatalities are available at province, canton and parish levels (3.7s)
  ok 106 [desktop] › tests\geoportal.spec.js:1083:1 › Territory tooltip displays Siniestros and Fallecidos in dedicated lines without cross-fallbacks (3.3s)
  ok 107 [desktop] › tests\geoportal.spec.js:1117:1 › la ficha parroquial omite población y tasas y explica el criterio (4.7s)
  ok 108 [desktop] › tests\geoportal.spec.js:1176:1 › Territory tooltip deduplicates fixed lines by source field (2.0s)
(node:19820) Warning: The 'NO_COLOR' env is ignored due to the 'FORCE_COLOR' env being set.
(Use `node --trace-warnings ...` to show where the warning was created)

=== Medición en 1920px ===
Topbar: { x: 0, y: 0, width: 1920, height: 44 }
Topbar Main: { x: 12, y: 0, width: 1896, height: 43 }
Brand: { x: 12, y: 3.5, width: 195.53125, height: 36 }
Brand Mark: { x: 12, y: 3.5, width: 34, height: 36 }
Center Controls: { x: 223.53125, y: 3.5, width: 1593.828125, height: 36 }
Right Group: { x: 1833.359375, y: 3.5, width: 74.640625, height: 36 }
  ok 109 [medium] › tests\fase10-e1.spec.js:14:5 › Fase 10 - E1: Estructura de Barra Superior › E1 medicion y comportamiento en 1920px (4.8s)

=== Medición en 1440px ===
Topbar: { x: 0, y: 0, width: 1440, height: 44 }
Topbar Main: { x: 12, y: 0, width: 1416, height: 43 }
Brand: { x: 12, y: 3.5, width: 195.53125, height: 36 }
Brand Mark: { x: 12, y: 3.5, width: 34, height: 36 }
Center Controls: { x: 223.53125, y: 3.5, width: 1113.828125, height: 36 }
Right Group: { x: 1353.359375, y: 3.5, width: 74.640625, height: 36 }
  ok 110 [medium] › tests\fase10-e1.spec.js:14:5 › Fase 10 - E1: Estructura de Barra Superior › E1 medicion y comportamiento en 1440px (3.9s)

=== Medición en 1180px ===
Topbar: { x: 0, y: 0, width: 1180, height: 44 }
Topbar Main: { x: 12, y: 0, width: 1156, height: 43 }
Brand: { x: 12, y: 3.5, width: 195.53125, height: 36 }
Brand Mark: { x: 12, y: 3.5, width: 34, height: 36 }
Center Controls: { x: 223.53125, y: 3.5, width: 853.828125, height: 36 }
Right Group: { x: 1093.359375, y: 3.5, width: 74.640625, height: 36 }
  ok 111 [medium] › tests\fase10-e1.spec.js:14:5 › Fase 10 - E1: Estructura de Barra Superior › E1 medicion y comportamiento en 1180px (3.7s)

=== Medición en 390px ===
Topbar: { x: 0, y: 0, width: 390, height: 48 }
Topbar Main: { x: 12, y: 0, width: 366, height: 47 }
Brand: { x: 12, y: 7.5, width: 144.0625, height: 32 }
Brand Mark: { x: 12, y: 7.5, width: 30, height: 32 }
  ok 112 [medium] › tests\fase10-e1.spec.js:14:5 › Fase 10 - E1: Estructura de Barra Superior › E1 medicion y comportamiento en 390px (2.9s)
  ok 113 [medium] › tests\fase10-e4.spec.js:51:1 › E4 limita los paneles y mantiene el scroll en su contenido (2.8s)
  ok 114 [medium] › tests\fase10-e4.spec.js:123:1 › E4 aumenta el área útil con el mismo cálculo territorial (2.5s)
  ok 115 [medium] › tests\geoportal-ant-layer.spec.js:32:1 › no descarga puntos ANT antes de activar la capa (1.9s)
  ok 116 [medium] › tests\geoportal-ant-layer.spec.js:44:1 › el perfil focused conserva la vista macro y afina ciudad y calle (5.1s)
  ok 117 [medium] › tests\geoportal-ant-layer.spec.js:70:1 › aviso accesible explica el ajuste al último año disponible (2.5s)
  ok 118 [medium] › tests\geoportal-ant-layer.spec.js:81:1 › Calor carga el compacto y los tres modos reutilizan datos sin descargas duplicadas (6.3s)
  ok 119 [medium] › tests\geoportal-ant-layer.spec.js:184:1 › Casos se dibuja con el compacto antes de completar sus atributos (4.5s)
  ok 120 [medium] › tests\geoportal-ant-layer.spec.js:219:1 › la capa sigue el año global, cancela cargas obsoletas y conserva un solo año en caché (2.8s)
  ok 121 [medium] › tests\geoportal-ant-layer.spec.js:257:1 › modo histórico desactiva Siniestros ANT sin dejar un año individual visible (3.1s)
  ok 122 [medium] › tests\geoportal-ant-layer.spec.js:307:1 › el análisis territorial ANT usa el punto seleccionado y lenguaje metodológico (3.8s)
  ok 123 [medium] › tests\geoportal-ant-layer.spec.js:325:1 › la leyenda usa cero explícito y nunca muestra el rango confuso menor o igual a cero (2.8s)
  -  124 [medium] › tests\geoportal-ant-layer.spec.js:338:1 › controles ANT caben en el drawer móvil y tienen objetivos táctiles
  ok 125 [medium] › tests\geoportal-citizen-analysis.spec.js:32:1 › buscador y leyenda comparten la paleta oscura y conservan el tema claro (2.3s)
  -  126 [medium] › tests\geoportal-citizen-analysis.spec.js:93:1 › Ranking y Catálogo comparten el tema oscuro y restauran su apariencia clara
  ok 127 [medium] › tests\geoportal-citizen-analysis.spec.js:147:1 › la identidad, introducción y resumen territorial permanecen accesibles sin duplicarse (3.7s)
  ok 128 [medium] › tests\geoportal-citizen-analysis.spec.js:163:1 › análisis tiene volver independiente, tema completo y scroll hasta el final (4.9s)
  ok 129 [medium] › tests\geoportal-citizen-analysis.spec.js:227:1 › Datos y capas no conserva el contenedor Leaflet vacío que parecía un buscador (1.9s)
  ok 130 [medium] › tests\geoportal-citizen-analysis.spec.js:237:1 › fase 4 usa la marca real y presenta análisis, callouts y serie por tipo (4.8s)
  -  131 [medium] › tests\geoportal-citizen-analysis.spec.js:317:1 › breadcrumb usa exactamente provincia, cantón y parroquia seleccionados
BROWSER CONSOLE: [GA4] Entorno local/pruebas detectado (127.0.0.1). No se envía telemetría a Google Analytics.
BROWSER CONSOLE: [GA4] Entorno local/pruebas detectado (127.0.0.1). No se envía telemetría a Google Analytics.
BROWSER CONSOLE: [GA4] Entorno local/pruebas detectado (127.0.0.1). No se envía telemetría a Google Analytics.
  ok 132 [medium] › tests\geoportal-improvements.spec.js:48:9 › Observatory Improvements (Blocks B, C, D, E) › Block B: Guided Tour › tour appears on first visit, can be closed and reopened (10.4s)
BROWSER CONSOLE: [GA4] Entorno local/pruebas detectado (127.0.0.1). No se envía telemetría a Google Analytics.
  -  133 [medium] › tests\geoportal-improvements.spec.js:120:9 › Observatory Improvements (Blocks B, C, D, E) › Block B: Guided Tour › mobile tour highlights every visible target inside the viewport
BROWSER CONSOLE: [GA4] Entorno local/pruebas detectado (127.0.0.1). No se envía telemetría a Google Analytics.
  ok 134 [medium] › tests\geoportal-improvements.spec.js:191:9 › Observatory Improvements (Blocks B, C, D, E) › Block C: Data Catalog › catalog modal opens and displays variables (5.4s)
BROWSER CONSOLE: [GA4] Entorno local/pruebas detectado (127.0.0.1). No se envía telemetría a Google Analytics.
  ok 135 [medium] › tests\geoportal-improvements.spec.js:306:9 › Observatory Improvements (Blocks B, C, D, E) › Block C: Data Catalog › methodology links use the professional interface and drawer has no direct download (3.0s)
BROWSER CONSOLE: [GA4] Entorno local/pruebas detectado (127.0.0.1). No se envía telemetría a Google Analytics.
  ok 136 [medium] › tests\geoportal-improvements.spec.js:323:9 › Observatory Improvements (Blocks B, C, D, E) › Block D: Basemap and Opacity › opacity slider changes territory opacity without fading infrastructure (2.9s)
BROWSER CONSOLE: [GA4] Entorno local/pruebas detectado (127.0.0.1). No se envía telemetría a Google Analytics.
  ok 137 [medium] › tests\geoportal-improvements.spec.js:374:9 › Observatory Improvements (Blocks B, C, D, E) › Block E: UI Theme & Coordinates › theme toggle changes body class and localstorage (4.5s)
BROWSER CONSOLE: [GA4] Entorno local/pruebas detectado (127.0.0.1). No se envía telemetría a Google Analytics.
  ok 138 [medium] › tests\geoportal-improvements.spec.js:447:9 › Observatory Improvements (Blocks B, C, D, E) › Block E: UI Theme & Coordinates › cursor coordinates display on mousemove (5.2s)
BROWSER CONSOLE: [GA4] Entorno local/pruebas detectado (127.0.0.1). No se envía telemetría a Google Analytics.
  ok 139 [medium] › tests\geoportal-improvements.spec.js:470:9 › Observatory Improvements (Blocks B, C, D, E) › Block F: Google Analytics 4 (GA4) › GA_MEASUREMENT_ID constant is defined and correctly configured (2.5s)
BROWSER CONSOLE: [GA4] Entorno local/pruebas detectado (127.0.0.1). No se envía telemetría a Google Analytics.
  ok 140 [medium] › tests\geoportal-improvements.spec.js:475:9 › Observatory Improvements (Blocks B, C, D, E) › Block F: Google Analytics 4 (GA4) › GA4 script is NOT loaded in localhost / 127.0.0.1 development environment (2.6s)
BROWSER CONSOLE: [GA4] Entorno local/pruebas detectado (127.0.0.1). No se envía telemetría a Google Analytics.
  ok 141 [medium] › tests\geoportal-improvements.spec.js:480:9 › Observatory Improvements (Blocks B, C, D, E) › Block F: Google Analytics 4 (GA4) › GA4 privacy notice is visible in "¿Por qué confiar?" section (3.3s)
BROWSER CONSOLE: [GA4] Entorno local/pruebas detectado (127.0.0.1). No se envía telemetría a Google Analytics.
  ok 142 [medium] › tests\geoportal-improvements.spec.js:496:9 › Observatory Improvements (Blocks B, C, D, E) › Block G: Timeline Playback & Color Transition › timeline play button advances year, pauses on click and auto-stops on last year (17.5s)
BROWSER CONSOLE: [GA4] Entorno local/pruebas detectado (127.0.0.1). No se envía telemetría a Google Analytics.
  ok 143 [medium] › tests\geoportal-improvements.spec.js:531:9 › Observatory Improvements (Blocks B, C, D, E) › Block G: Timeline Playback & Color Transition › timeline play button is disabled with tooltip for foto_unica variables (7.0s)
  ok 144 [medium] › tests\geoportal-lazy-load.spec.js:3:1 › la carga inicial usa provincias e índice y difiere cantones (1.4m)
  ok 145 [medium] › tests\geoportal-lazy-load.spec.js:21:1 › búsqueda, ranking y ficha activan datos cantonales bajo demanda (4.4s)
  -  146 [medium] › tests\geoportal-mobile-ux.spec.js:26:5 › Geoportal Mobile UX Improvements › mobile drawer mutual exclusivity (sidebar, layers, settings)
  ok 147 [medium] › tests\geoportal-mobile-ux.spec.js:58:5 › Geoportal Mobile UX Improvements › mobile-level-bar is positioned below top navigation without overlap (2.2s)
  -  148 [medium] › tests\geoportal-mobile-ux.spec.js:90:5 › Geoportal Mobile UX Improvements › mobile year bar shows coverage and stays synchronized with the main timeline
  -  149 [medium] › tests\geoportal-mobile-ux.spec.js:195:5 › Geoportal Mobile UX Improvements › mobile territorial shortcut has no horizontal scroll and exposes both actions
  -  150 [medium] › tests\geoportal-mobile-ux.spec.js:221:5 › Geoportal Mobile UX Improvements › mobile panel topbars have sticky positioning for close button accessibility
  -  151 [medium] › tests\geoportal-mobile-ux.spec.js:232:5 › Geoportal Mobile UX Improvements › search input has font-size 16px on mobile to prevent iOS auto-zoom
  ok 152 [medium] › tests\geoportal-mobile-ux.spec.js:241:5 › Geoportal Mobile UX Improvements › desktop search and legend remain visible and mobile controls are hidden (2.8s)
  ok 153 [medium] › tests\geoportal-national-search.spec.js:31:1 › el estado inicial muestra una referencia nacional que sigue variable, año y periodo (3.1s)
  ok 154 [medium] › tests\geoportal-national-search.spec.js:68:1 › la búsqueda selecciona provincia, cantón y parroquia sin abrir el análisis (4.5s)
  ok 155 [medium] › tests\geoportal-national-search.spec.js:87:1 › una búsqueda parroquial conserva la variable y muestra límites con aviso cuando no aplica (3.9s)
  ok 156 [medium] › tests\geoportal-phase6-visual.spec.js:27:1 › captura la barra de controles y la leyenda única en claro y oscuro (4.0s)
  ok 157 [medium] › tests\geoportal-phase7.spec.js:24:1 › Fase 9 conserva Nivel y Año visibles sin saturar el topbar (2.4s)
  ok 158 [medium] › tests\geoportal-phase7.spec.js:41:1 › IA fija la leyenda a la izquierda sin intersecciones en todas las combinaciones (2.4s)
  ok 159 [medium] › tests\geoportal-phase7.spec.js:61:1 › IB ofrece tres pestañas ARIA y análisis con ancho propio (2.0s)
  ok 160 [medium] › tests\geoportal-phase7.spec.js:79:1 › IC mantiene Periodo e Intensidad en Ajustes y la visibilidad parroquial (3.2s)
  ok 161 [medium] › tests\geoportal-responsive-panels.spec.js:42:1 › la barra derecha conserva solo Datos y capas y Mapas base (3.3s)
  ok 162 [medium] › tests\geoportal-responsive-panels.spec.js:106:1 › la barra superior concentra accesos y el buscador refleja capas extra en vivo (4.4s)
  ok 163 [medium] › tests\geoportal-responsive-panels.spec.js:141:1 › los cambios cartográficos conservan la pestaña elegida por la persona (3.4s)
  ok 164 [medium] › tests\geoportal-responsive-panels.spec.js:177:1 › las tres capas del mapa comparten una sola tarjeta y conservan controles independientes (5.2s)
  ok 165 [medium] › tests\geoportal-responsive-panels.spec.js:288:1 › panel ciudadano web conserva estado y separa selección de análisis (3.4s)
  ok 166 [medium] › tests\geoportal-responsive-panels.spec.js:318:1 › ficha territorial vive dentro de la tarjeta única y desaparece al limpiar la selección (3.6s)
  ok 167 [medium] › tests\geoportal-responsive-panels.spec.js:389:1 › la tarjeta informa y el topbar conserva todos los controles (2.9s)
  ok 168 [medium] › tests\geoportal-responsive-panels.spec.js:447:1 › Leyenda distingue representaciones principales de controles secundarios (2.9s)
  ok 169 [medium] › tests\geoportal-responsive-panels.spec.js:487:1 › panel ciudadano prioriza cifras y conserva la metodología en ayudas accesibles (1.8s)
  ok 170 [medium] › tests\geoportal-responsive-panels.spec.js:508:1 › variable territorial y Siniestros ANT explican los periodos no disponibles (2.1s)
  ok 171 [medium] › tests\geoportal-responsive-panels.spec.js:526:1 › infraestructura usa SVG compartido y conserva la interacción territorial (3.2s)
  -  172 [medium] › tests\geoportal-responsive-panels.spec.js:567:1 › pantalla grande mantiene el buscador y la leyenda compacta visible
  -  173 [medium] › tests\geoportal-responsive-panels.spec.js:582:1 › mobile conserva sus paneles off-canvas y barra inferior
  ok 174 [medium] › tests\geoportal-responsive-panels.spec.js:593:1 › mapas base ocupa el panel contextual sin superponerse (2.9s)
  -  175 [medium] › tests\geoportal-responsive-panels.spec.js:601:1 › mapas base no se superpone en una ventana web angosta
  ok 176 [medium] › tests\geoportal-responsive-panels.spec.js:608:1 › zoom, ubicación y grupos de herramientas son operables en la barra (5.7s)
  -  177 [medium] › tests\geoportal-responsive-panels.spec.js:660:1 › ubicación informa cuando el permiso es denegado
  ok 178 [medium] › tests\geoportal-responsive-panels.spec.js:678:1 › catálogo vive en la barra superior y la marca oficial se muestra legible (2.5s)
  ok 179 [medium] › tests\geoportal-responsive-panels.spec.js:695:1 › Dark Matter activa realce cartográfico sin cambiar el tema de interfaz (3.1s)
  -  180 [medium] › tests\geoportal-responsive-panels.spec.js:720:1 › la superficie territorial se oculta solo en zoom profundo y restaura la opacidad
  ok 181 [medium] › tests\geoportal.spec.js:27:1 › carga contratos territoriales y atribuciones (2.1s)
  ok 182 [medium] › tests\geoportal.spec.js:39:1 › abre como observatorio nacional con siniestros y sin infraestructura (2.5s)
  ok 183 [medium] › tests\geoportal.spec.js:76:1 › encuentra un canton y mantiene el resumen ciudadano breve (3.3s)
  ok 184 [medium] › tests\geoportal.spec.js:94:1 › busqueda cantonal encuadra el territorio entre los paneles en pantalla mediana (4.3s)
  -  185 [medium] › tests\geoportal.spec.js:144:1 › genera una ficha PDF territorial en memoria
  -  186 [medium] › tests\geoportal.spec.js:180:1 › la ficha PDF parroquial omite el contexto de población y tasas
  -  187 [medium] › tests\geoportal.spec.js:202:1 › modo tecnico conserva variables, capas, metodologia y estado todo apagado
  ok 188 [medium] › tests\geoportal.spec.js:255:1 › selector de variables permite selección única y deselección accesible (3.3s)
  -  189 [medium] › tests\geoportal.spec.js:296:1 › carga vias OSM independientes y conserva la escala grafica
  ok 190 [medium] › tests\geoportal.spec.js:346:1 › leyenda declara cuando la variable no existe en el nivel territorial (3.4s)
  -  191 [medium] › tests\geoportal.spec.js:362:1 › el encabezado del analisis permanece accesible y el contenido llega hasta el final
  -  192 [medium] › tests\geoportal.spec.js:391:1 › paneles alternan entre anio y acumulados con cobertura explicita
  ok 193 [medium] › tests\geoportal.spec.js:414:1 › cambia una sola capa territorial por zoom (4.3s)
  ok 194 [medium] › tests\geoportal.spec.js:435:1 › clic en canton fija la seleccion sin saltar a parroquias (3.6s)
  ok 195 [medium] › tests\geoportal.spec.js:454:1 › hover no cambia panel y la seleccion persiste al hacer scroll (3.2s)
  ok 196 [medium] › tests\geoportal.spec.js:489:1 › solo conserva resaltada la unidad territorial seleccionada (3.1s)
  ok 197 [medium] › tests\geoportal.spec.js:511:1 › control territorial permite fijar nivel y volver a modo automatico (3.5s)
  ok 198 [medium] › tests\geoportal.spec.js:533:1 › recalcula bins por nivel y cae a limites cuando no aplica (3.9s)
  ok 199 [medium] › tests\geoportal.spec.js:553:1 › slider global cambia dos variables anuales sin consolidar (3.3s)
  ok 200 [medium] › tests\geoportal.spec.js:577:1 › variables de foto unica deshabilitan slider y muestran badge (2.1s)
  ok 201 [medium] › tests\geoportal.spec.js:593:1 › cambio de variable ajusta el año a su cobertura sin dejar el mapa vacío (2.5s)
  -  202 [medium] › tests\geoportal.spec.js:633:1 › cambio de nivel resuelve el año de la variable efectiva
  ok 203 [medium] › tests\geoportal.spec.js:652:1 › explica variables y perfiles en lenguaje ciudadano (4.0s)
  -  204 [medium] › tests\geoportal.spec.js:691:1 › perfil distingue ausencia de desglose de un conteo de cero fallecidos
  -  205 [medium] › tests\geoportal.spec.js:707:1 › ranking nacional ordena, excluye sin dato y busca la posicion cantonal
  -  206 [medium] › tests\geoportal.spec.js:755:1 › modal institucional es usable en movil y publica confianza y cita dinamica
  ok 207 [medium] › tests\geoportal.spec.js:788:1 › ficha territorial permanece visible dentro de la tarjeta de leyenda (3.8s)
  -  208 [medium] › tests\geoportal.spec.js:819:1 › ficha territorial comparte la tarjeta única y no crea otra región
  -  209 [medium] › tests\geoportal.spec.js:848:1 › capa OSM nacional carga bajo demanda y explicita cantones sin mapeo
  -  210 [medium] › tests\geoportal.spec.js:865:1 › mobile conserva una superficie de mapa util en telefono y tablet
  -  211 [medium] › tests\geoportal.spec.js:898:1 › mobile completa el flujo tactil sin paneles fuera del viewport
  ok 212 [medium] › tests\geoportal.spec.js:1020:1 › Legend classification tooltips and adaptive color palettes verify correctly (3.4s)
  ok 213 [medium] › tests\geoportal.spec.js:1054:1 › EDG parish-derived fatalities are available at province, canton and parish levels (3.8s)
  ok 214 [medium] › tests\geoportal.spec.js:1083:1 › Territory tooltip displays Siniestros and Fallecidos in dedicated lines without cross-fallbacks (3.3s)
  ok 215 [medium] › tests\geoportal.spec.js:1117:1 › la ficha parroquial omite población y tasas y explica el criterio (5.0s)
  ok 216 [medium] › tests\geoportal.spec.js:1176:1 › Territory tooltip deduplicates fixed lines by source field (2.2s)
(node:12540) Warning: The 'NO_COLOR' env is ignored due to the 'FORCE_COLOR' env being set.
(Use `node --trace-warnings ...` to show where the warning was created)

=== Medición en 1920px ===
Topbar: { x: 0, y: 0, width: 1920, height: 44 }
Topbar Main: { x: 12, y: 0, width: 1896, height: 43 }
Brand: { x: 12, y: 3.5, width: 195.53125, height: 36 }
Brand Mark: { x: 12, y: 3.5, width: 34, height: 36 }
Center Controls: { x: 223.53125, y: 3.5, width: 1593.828125, height: 36 }
Right Group: { x: 1833.359375, y: 3.5, width: 74.640625, height: 36 }
  ok 217 [mobile] › tests\fase10-e1.spec.js:14:5 › Fase 10 - E1: Estructura de Barra Superior › E1 medicion y comportamiento en 1920px (14.6s)

=== Medición en 1440px ===
Topbar: { x: 0, y: 0, width: 1440, height: 44 }
Topbar Main: { x: 12, y: 0, width: 1416, height: 43 }
Brand: { x: 12, y: 3.5, width: 195.53125, height: 36 }
Brand Mark: { x: 12, y: 3.5, width: 34, height: 36 }
Center Controls: { x: 223.53125, y: 3.5, width: 1113.828125, height: 36 }
Right Group: { x: 1353.359375, y: 3.5, width: 74.640625, height: 36 }
  ok 218 [mobile] › tests\fase10-e1.spec.js:14:5 › Fase 10 - E1: Estructura de Barra Superior › E1 medicion y comportamiento en 1440px (11.1s)

=== Medición en 1180px ===
Topbar: { x: 0, y: 0, width: 1180, height: 44 }
Topbar Main: { x: 12, y: 0, width: 1156, height: 43 }
Brand: { x: 12, y: 3.5, width: 195.53125, height: 36 }
Brand Mark: { x: 12, y: 3.5, width: 34, height: 36 }
Center Controls: { x: 223.53125, y: 3.5, width: 853.828125, height: 36 }
Right Group: { x: 1093.359375, y: 3.5, width: 74.640625, height: 36 }
  ok 219 [mobile] › tests\fase10-e1.spec.js:14:5 › Fase 10 - E1: Estructura de Barra Superior › E1 medicion y comportamiento en 1180px (9.3s)

=== Medición en 390px ===
Topbar: { x: 0, y: 0, width: 390, height: 48 }
Topbar Main: { x: 12, y: 0, width: 366, height: 47 }
Brand: { x: 12, y: 7.5, width: 144.0625, height: 32 }
Brand Mark: { x: 12, y: 7.5, width: 30, height: 32 }
  ok 220 [mobile] › tests\fase10-e1.spec.js:14:5 › Fase 10 - E1: Estructura de Barra Superior › E1 medicion y comportamiento en 390px (5.6s)
  ok 221 [mobile] › tests\fase10-e4.spec.js:51:1 › E4 limita los paneles y mantiene el scroll en su contenido (3.1s)
  ok 222 [mobile] › tests\fase10-e4.spec.js:123:1 › E4 aumenta el área útil con el mismo cálculo territorial (2.8s)
  ok 223 [mobile] › tests\geoportal-ant-layer.spec.js:32:1 › no descarga puntos ANT antes de activar la capa (1.8s)
  ok 224 [mobile] › tests\geoportal-ant-layer.spec.js:44:1 › el perfil focused conserva la vista macro y afina ciudad y calle (5.7s)
  ok 225 [mobile] › tests\geoportal-ant-layer.spec.js:70:1 › aviso accesible explica el ajuste al último año disponible (2.6s)
  ok 226 [mobile] › tests\geoportal-ant-layer.spec.js:81:1 › Calor carga el compacto y los tres modos reutilizan datos sin descargas duplicadas (6.0s)
  ok 227 [mobile] › tests\geoportal-ant-layer.spec.js:184:1 › Casos se dibuja con el compacto antes de completar sus atributos (4.8s)
  ok 228 [mobile] › tests\geoportal-ant-layer.spec.js:219:1 › la capa sigue el año global, cancela cargas obsoletas y conserva un solo año en caché (3.2s)
  ok 229 [mobile] › tests\geoportal-ant-layer.spec.js:257:1 › modo histórico desactiva Siniestros ANT sin dejar un año individual visible (3.2s)
  ok 230 [mobile] › tests\geoportal-ant-layer.spec.js:307:1 › el análisis territorial ANT usa el punto seleccionado y lenguaje metodológico (3.8s)
  ok 231 [mobile] › tests\geoportal-ant-layer.spec.js:325:1 › la leyenda usa cero explícito y nunca muestra el rango confuso menor o igual a cero (3.4s)
  ok 232 [mobile] › tests\geoportal-ant-layer.spec.js:338:1 › controles ANT caben en el drawer móvil y tienen objetivos táctiles (2.8s)
  ok 233 [mobile] › tests\geoportal-citizen-analysis.spec.js:32:1 › buscador y leyenda comparten la paleta oscura y conservan el tema claro (2.8s)
  -  234 [mobile] › tests\geoportal-citizen-analysis.spec.js:93:1 › Ranking y Catálogo comparten el tema oscuro y restauran su apariencia clara
  ok 235 [mobile] › tests\geoportal-citizen-analysis.spec.js:147:1 › la identidad, introducción y resumen territorial permanecen accesibles sin duplicarse (3.8s)
  ok 236 [mobile] › tests\geoportal-citizen-analysis.spec.js:163:1 › análisis tiene volver independiente, tema completo y scroll hasta el final (8.8s)
  ok 237 [mobile] › tests\geoportal-citizen-analysis.spec.js:227:1 › Datos y capas no conserva el contenedor Leaflet vacío que parecía un buscador (2.5s)
  ok 238 [mobile] › tests\geoportal-citizen-analysis.spec.js:237:1 › fase 4 usa la marca real y presenta análisis, callouts y serie por tipo (4.9s)
  -  239 [mobile] › tests\geoportal-citizen-analysis.spec.js:317:1 › breadcrumb usa exactamente provincia, cantón y parroquia seleccionados
BROWSER CONSOLE: [GA4] Entorno local/pruebas detectado (127.0.0.1). No se envía telemetría a Google Analytics.
  -  240 [mobile] › tests\geoportal-improvements.spec.js:48:9 › Observatory Improvements (Blocks B, C, D, E) › Block B: Guided Tour › tour appears on first visit, can be closed and reopened
BROWSER CONSOLE: [GA4] Entorno local/pruebas detectado (127.0.0.1). No se envía telemetría a Google Analytics.
  ok 241 [mobile] › tests\geoportal-improvements.spec.js:120:9 › Observatory Improvements (Blocks B, C, D, E) › Block B: Guided Tour › mobile tour highlights every visible target inside the viewport (10.1s)
BROWSER CONSOLE: [GA4] Entorno local/pruebas detectado (127.0.0.1). No se envía telemetría a Google Analytics.
  ok 242 [mobile] › tests\geoportal-improvements.spec.js:191:9 › Observatory Improvements (Blocks B, C, D, E) › Block C: Data Catalog › catalog modal opens and displays variables (5.8s)
BROWSER CONSOLE: [GA4] Entorno local/pruebas detectado (127.0.0.1). No se envía telemetría a Google Analytics.
  ok 243 [mobile] › tests\geoportal-improvements.spec.js:306:9 › Observatory Improvements (Blocks B, C, D, E) › Block C: Data Catalog › methodology links use the professional interface and drawer has no direct download (3.4s)
BROWSER CONSOLE: [GA4] Entorno local/pruebas detectado (127.0.0.1). No se envía telemetría a Google Analytics.
  ok 244 [mobile] › tests\geoportal-improvements.spec.js:323:9 › Observatory Improvements (Blocks B, C, D, E) › Block D: Basemap and Opacity › opacity slider changes territory opacity without fading infrastructure (3.1s)
BROWSER CONSOLE: [GA4] Entorno local/pruebas detectado (127.0.0.1). No se envía telemetría a Google Analytics.
  ok 245 [mobile] › tests\geoportal-improvements.spec.js:374:9 › Observatory Improvements (Blocks B, C, D, E) › Block E: UI Theme & Coordinates › theme toggle changes body class and localstorage (4.9s)
BROWSER CONSOLE: [GA4] Entorno local/pruebas detectado (127.0.0.1). No se envía telemetría a Google Analytics.
  -  246 [mobile] › tests\geoportal-improvements.spec.js:447:9 › Observatory Improvements (Blocks B, C, D, E) › Block E: UI Theme & Coordinates › cursor coordinates display on mousemove
BROWSER CONSOLE: [GA4] Entorno local/pruebas detectado (127.0.0.1). No se envía telemetría a Google Analytics.
  ok 247 [mobile] › tests\geoportal-improvements.spec.js:470:9 › Observatory Improvements (Blocks B, C, D, E) › Block F: Google Analytics 4 (GA4) › GA_MEASUREMENT_ID constant is defined and correctly configured (2.6s)
BROWSER CONSOLE: [GA4] Entorno local/pruebas detectado (127.0.0.1). No se envía telemetría a Google Analytics.
  ok 248 [mobile] › tests\geoportal-improvements.spec.js:475:9 › Observatory Improvements (Blocks B, C, D, E) › Block F: Google Analytics 4 (GA4) › GA4 script is NOT loaded in localhost / 127.0.0.1 development environment (2.5s)
BROWSER CONSOLE: [GA4] Entorno local/pruebas detectado (127.0.0.1). No se envía telemetría a Google Analytics.
  ok 249 [mobile] › tests\geoportal-improvements.spec.js:480:9 › Observatory Improvements (Blocks B, C, D, E) › Block F: Google Analytics 4 (GA4) › GA4 privacy notice is visible in "¿Por qué confiar?" section (3.5s)
BROWSER CONSOLE: [GA4] Entorno local/pruebas detectado (127.0.0.1). No se envía telemetría a Google Analytics.
  ok 250 [mobile] › tests\geoportal-improvements.spec.js:496:9 › Observatory Improvements (Blocks B, C, D, E) › Block G: Timeline Playback & Color Transition › timeline play button advances year, pauses on click and auto-stops on last year (17.6s)
BROWSER CONSOLE: [GA4] Entorno local/pruebas detectado (127.0.0.1). No se envía telemetría a Google Analytics.
  ok 251 [mobile] › tests\geoportal-improvements.spec.js:531:9 › Observatory Improvements (Blocks B, C, D, E) › Block G: Timeline Playback & Color Transition › timeline play button is disabled with tooltip for foto_unica variables (3.2s)
  ok 252 [mobile] › tests\geoportal-lazy-load.spec.js:3:1 › la carga inicial usa provincias e índice y difiere cantones (2.2s)
  ok 253 [mobile] › tests\geoportal-lazy-load.spec.js:21:1 › búsqueda, ranking y ficha activan datos cantonales bajo demanda (3.9s)
  ok 254 [mobile] › tests\geoportal-mobile-ux.spec.js:26:5 › Geoportal Mobile UX Improvements › mobile drawer mutual exclusivity (sidebar, layers, settings) (3.5s)
  ok 255 [mobile] › tests\geoportal-mobile-ux.spec.js:58:5 › Geoportal Mobile UX Improvements › mobile-level-bar is positioned below top navigation without overlap (2.9s)
  ok 256 [mobile] › tests\geoportal-mobile-ux.spec.js:90:5 › Geoportal Mobile UX Improvements › mobile year bar shows coverage and stays synchronized with the main timeline (4.0s)
  ok 257 [mobile] › tests\geoportal-mobile-ux.spec.js:195:5 › Geoportal Mobile UX Improvements › mobile territorial shortcut has no horizontal scroll and exposes both actions (3.6s)
  ok 258 [mobile] › tests\geoportal-mobile-ux.spec.js:221:5 › Geoportal Mobile UX Improvements › mobile panel topbars have sticky positioning for close button accessibility (2.6s)
  ok 259 [mobile] › tests\geoportal-mobile-ux.spec.js:232:5 › Geoportal Mobile UX Improvements › search input has font-size 16px on mobile to prevent iOS auto-zoom (2.5s)
  -  260 [mobile] › tests\geoportal-mobile-ux.spec.js:241:5 › Geoportal Mobile UX Improvements › desktop search and legend remain visible and mobile controls are hidden
  ok 261 [mobile] › tests\geoportal-national-search.spec.js:31:1 › el estado inicial muestra una referencia nacional que sigue variable, año y periodo (3.2s)
  ok 262 [mobile] › tests\geoportal-national-search.spec.js:68:1 › la búsqueda selecciona provincia, cantón y parroquia sin abrir el análisis (5.5s)
  ok 263 [mobile] › tests\geoportal-national-search.spec.js:87:1 › una búsqueda parroquial conserva la variable y muestra límites con aviso cuando no aplica (3.8s)
  ok 264 [mobile] › tests\geoportal-phase6-visual.spec.js:27:1 › captura la barra de controles y la leyenda única en claro y oscuro (4.5s)
  ok 265 [mobile] › tests\geoportal-phase7.spec.js:24:1 › Fase 9 conserva Nivel y Año visibles sin saturar el topbar (2.0s)
  -  266 [mobile] › tests\geoportal-phase7.spec.js:41:1 › IA fija la leyenda a la izquierda sin intersecciones en todas las combinaciones
  ok 267 [mobile] › tests\geoportal-phase7.spec.js:61:1 › IB ofrece tres pestañas ARIA y análisis con ancho propio (2.5s)
  ok 268 [mobile] › tests\geoportal-phase7.spec.js:79:1 › IC mantiene Periodo e Intensidad en Ajustes y la visibilidad parroquial (4.1s)
  ok 269 [mobile] › tests\geoportal-responsive-panels.spec.js:42:1 › la barra derecha conserva solo Datos y capas y Mapas base (4.5s)
  ok 270 [mobile] › tests\geoportal-responsive-panels.spec.js:106:1 › la barra superior concentra accesos y el buscador refleja capas extra en vivo (3.9s)
  ok 271 [mobile] › tests\geoportal-responsive-panels.spec.js:141:1 › los cambios cartográficos conservan la pestaña elegida por la persona (4.0s)
  ok 272 [mobile] › tests\geoportal-responsive-panels.spec.js:177:1 › las tres capas del mapa comparten una sola tarjeta y conservan controles independientes (5.6s)
  -  273 [mobile] › tests\geoportal-responsive-panels.spec.js:288:1 › panel ciudadano web conserva estado y separa selección de análisis
  ok 274 [mobile] › tests\geoportal-responsive-panels.spec.js:318:1 › ficha territorial vive dentro de la tarjeta única y desaparece al limpiar la selección (3.7s)
  ok 275 [mobile] › tests\geoportal-responsive-panels.spec.js:389:1 › la tarjeta informa y el topbar conserva todos los controles (3.1s)
  ok 276 [mobile] › tests\geoportal-responsive-panels.spec.js:447:1 › Leyenda distingue representaciones principales de controles secundarios (4.2s)
  ok 277 [mobile] › tests\geoportal-responsive-panels.spec.js:487:1 › panel ciudadano prioriza cifras y conserva la metodología en ayudas accesibles (1.9s)
  ok 278 [mobile] › tests\geoportal-responsive-panels.spec.js:508:1 › variable territorial y Siniestros ANT explican los periodos no disponibles (2.3s)
  ok 279 [mobile] › tests\geoportal-responsive-panels.spec.js:526:1 › infraestructura usa SVG compartido y conserva la interacción territorial (4.4s)
  -  280 [mobile] › tests\geoportal-responsive-panels.spec.js:567:1 › pantalla grande mantiene el buscador y la leyenda compacta visible
  ok 281 [mobile] › tests\geoportal-responsive-panels.spec.js:582:1 › mobile conserva sus paneles off-canvas y barra inferior (2.2s)
  ok 282 [mobile] › tests\geoportal-responsive-panels.spec.js:593:1 › mapas base ocupa el panel contextual sin superponerse (3.0s)
  -  283 [mobile] › tests\geoportal-responsive-panels.spec.js:601:1 › mapas base no se superpone en una ventana web angosta
  ok 284 [mobile] › tests\geoportal-responsive-panels.spec.js:608:1 › zoom, ubicación y grupos de herramientas son operables en la barra (5.2s)
  -  285 [mobile] › tests\geoportal-responsive-panels.spec.js:660:1 › ubicación informa cuando el permiso es denegado
  ok 286 [mobile] › tests\geoportal-responsive-panels.spec.js:678:1 › catálogo vive en la barra superior y la marca oficial se muestra legible (3.5s)
  ok 287 [mobile] › tests\geoportal-responsive-panels.spec.js:695:1 › Dark Matter activa realce cartográfico sin cambiar el tema de interfaz (4.0s)
  -  288 [mobile] › tests\geoportal-responsive-panels.spec.js:720:1 › la superficie territorial se oculta solo en zoom profundo y restaura la opacidad
  ok 289 [mobile] › tests\geoportal.spec.js:27:1 › carga contratos territoriales y atribuciones (2.2s)
  ok 290 [mobile] › tests\geoportal.spec.js:39:1 › abre como observatorio nacional con siniestros y sin infraestructura (2.5s)
  ok 291 [mobile] › tests\geoportal.spec.js:76:1 › encuentra un canton y mantiene el resumen ciudadano breve (3.1s)
  -  292 [mobile] › tests\geoportal.spec.js:94:1 › busqueda cantonal encuadra el territorio entre los paneles en pantalla mediana
  -  293 [mobile] › tests\geoportal.spec.js:144:1 › genera una ficha PDF territorial en memoria
  -  294 [mobile] › tests\geoportal.spec.js:180:1 › la ficha PDF parroquial omite el contexto de población y tasas
  -  295 [mobile] › tests\geoportal.spec.js:202:1 › modo tecnico conserva variables, capas, metodologia y estado todo apagado
  ok 296 [mobile] › tests\geoportal.spec.js:255:1 › selector de variables permite selección única y deselección accesible (4.4s)
  -  297 [mobile] › tests\geoportal.spec.js:296:1 › carga vias OSM independientes y conserva la escala grafica
  ok 298 [mobile] › tests\geoportal.spec.js:346:1 › leyenda declara cuando la variable no existe en el nivel territorial (2.9s)
  -  299 [mobile] › tests\geoportal.spec.js:362:1 › el encabezado del analisis permanece accesible y el contenido llega hasta el final
  -  300 [mobile] › tests\geoportal.spec.js:391:1 › paneles alternan entre anio y acumulados con cobertura explicita
  ok 301 [mobile] › tests\geoportal.spec.js:414:1 › cambia una sola capa territorial por zoom (4.1s)
  ok 302 [mobile] › tests\geoportal.spec.js:435:1 › clic en canton fija la seleccion sin saltar a parroquias (4.5s)
  ok 303 [mobile] › tests\geoportal.spec.js:454:1 › hover no cambia panel y la seleccion persiste al hacer scroll (3.3s)
  ok 304 [mobile] › tests\geoportal.spec.js:489:1 › solo conserva resaltada la unidad territorial seleccionada (2.9s)
  ok 305 [mobile] › tests\geoportal.spec.js:511:1 › control territorial permite fijar nivel y volver a modo automatico (3.6s)
  ok 306 [mobile] › tests\geoportal.spec.js:533:1 › recalcula bins por nivel y cae a limites cuando no aplica (3.7s)
  ok 307 [mobile] › tests\geoportal.spec.js:553:1 › slider global cambia dos variables anuales sin consolidar (4.0s)
  ok 308 [mobile] › tests\geoportal.spec.js:577:1 › variables de foto unica deshabilitan slider y muestran badge (2.4s)
  ok 309 [mobile] › tests\geoportal.spec.js:593:1 › cambio de variable ajusta el año a su cobertura sin dejar el mapa vacío (2.7s)
  -  310 [mobile] › tests\geoportal.spec.js:633:1 › cambio de nivel resuelve el año de la variable efectiva
  ok 311 [mobile] › tests\geoportal.spec.js:652:1 › explica variables y perfiles en lenguaje ciudadano (4.8s)
  -  312 [mobile] › tests\geoportal.spec.js:691:1 › perfil distingue ausencia de desglose de un conteo de cero fallecidos
  -  313 [mobile] › tests\geoportal.spec.js:707:1 › ranking nacional ordena, excluye sin dato y busca la posicion cantonal
  ok 314 [mobile] › tests\geoportal.spec.js:755:1 › modal institucional es usable en movil y publica confianza y cita dinamica (3.8s)
  ok 315 [mobile] › tests\geoportal.spec.js:788:1 › ficha territorial permanece visible dentro de la tarjeta de leyenda (3.5s)
  -  316 [mobile] › tests\geoportal.spec.js:819:1 › ficha territorial comparte la tarjeta única y no crea otra región
  -  317 [mobile] › tests\geoportal.spec.js:848:1 › capa OSM nacional carga bajo demanda y explicita cantones sin mapeo
  ok 318 [mobile] › tests\geoportal.spec.js:865:1 › mobile conserva una superficie de mapa util en telefono y tablet (5.4s)
  ok 319 [mobile] › tests\geoportal.spec.js:898:1 › mobile completa el flujo tactil sin paneles fuera del viewport (6.2s)
  ok 320 [mobile] › tests\geoportal.spec.js:1020:1 › Legend classification tooltips and adaptive color palettes verify correctly (4.3s)
  ok 321 [mobile] › tests\geoportal.spec.js:1054:1 › EDG parish-derived fatalities are available at province, canton and parish levels (5.0s)
  ok 322 [mobile] › tests\geoportal.spec.js:1083:1 › Territory tooltip displays Siniestros and Fallecidos in dedicated lines without cross-fallbacks (4.6s)
  ok 323 [mobile] › tests\geoportal.spec.js:1117:1 › la ficha parroquial omite población y tasas y explica el criterio (6.8s)
  ok 324 [mobile] › tests\geoportal.spec.js:1176:1 › Territory tooltip deduplicates fixed lines by source field (2.7s)

  63 skipped
  261 passed (19.4m)

To open last HTML report run:
[36m[39m
[36m  npx playwright show-report[39m
[36m[39m
